ASSEMBLER REPORT
----------------
     Loc   Object Code       Source Code
     ---   -----------       -----------
001- 00100                   ADDRESS	START	100
002- 00100                   NOW	+LDB	#BEGIN	.LOAD BASE REGISTER
Invalid Operational Code Given.
003- 00100                   XXX	BASE	BEGIN	.TELL ASSEMBLER
ERROR  already exists at location 0
004- 00100                   YYY	LDA	BE	.A <- (M..M+2)
ERROR  already exists at location 0
005- 00100                   EN	RESW	4
006- 0010C                   BE	WORD	2
007- 0010F                   BEGIN	RESW	1
008- 00112                   JUNK	RESW	2200
009- 01ADA                   THERE	RESW	1
010- 01ADD                   ZZZ	LDA	JUNK
011- 01AE0                   MMM	STA	THERE
012- 01AE3                   	END	NOW
ERROR  already exists at location 0


Table Location   Label Address   Use   Csect
--------------   -------------   ---   -----
0			 00100
5			MMM 01AE0
26			ZZZ 01ADD
28			ADDRESS 00000
29			EN 00100
39			BE 0010C
44			THERE 01ADA
53			JUNK 00112
79			BEGIN 0010F
